.next/types/validator.ts(89,39): error TS2307: Cannot find module '../../src/app/api/ai/analyze/route.js' or its corresponding type declarations.
.next/types/validator.ts(98,39): error TS2307: Cannot find module '../../src/app/api/otp/send/route.js' or its corresponding type declarations.
.next/types/validator.ts(107,39): error TS2307: Cannot find module '../../src/app/api/otp/verify/route.js' or its corresponding type declarations.
